ERR:
noReflect.kt:4:19: warning: call uses reflection API which is not found in compilation classpath. Make sure you have kotlin-reflect.jar in the classpath
    String::class.annotations
                  ^

Return code: 0
